// Jest Snapshot v1, https://goo.gl/fbAQLP

exports[`ant-design transformer should transform the file
----------------------------------------------------
import {
    GitHubBanner,
    Refine,
    ErrorComponent,
    WelcomePage,
} from "@refinedev/core";
import dataProvider from "@refinedev/simple-rest";
import routerProvider, {
    UnsavedChangesNotifier,
    DocumentTitleHandler,
} from "@refinedev/react-router";

import { BrowserRouter, Route, Routes } from "react-router";

const App = () => {
    return (
        <BrowserRouter>
            <GitHubBanner />
            <Refine
                dataProvider={dataProvider("https://api.fake-rest.refine.dev")}
                routerProvider={routerProvider}
                options={{
                    syncWithLocation: true,
                    warnWhenUnsavedChanges: true,
                }}
            >
                <Routes>
                    <Route index element={<WelcomePage />} />
                    <Route path="*" element={<ErrorComponent />} />
                </Routes>
                <UnsavedChangesNotifier />
                <DocumentTitleHandler />
            </Refine>
        </BrowserRouter>
    );
};

export default App;
---------------------------------------------------- 1`] = `
"import {
  ErrorComponent,
  RefineThemes,
  ThemedLayoutV2,
  useNotificationProvider,
} from "@refinedev/antd";
import { GitHubBanner, Refine, WelcomePage } from "@refinedev/core";
import routerProvider, {
  DocumentTitleHandler,
  UnsavedChangesNotifier,
} from "@refinedev/react-router";
import dataProvider from "@refinedev/simple-rest";

import { BrowserRouter, Outlet, Route, Routes } from "react-router";

import "@refinedev/antd/dist/reset.css";
import { App as AntdApp, ConfigProvider } from "antd";

const App = () => {
  return (
    <BrowserRouter>
      <GitHubBanner />
      <ConfigProvider theme={RefineThemes.Blue}>
        <AntdApp>
          <Refine
            dataProvider={dataProvider("https://api.fake-rest.refine.dev")}
            routerProvider={routerProvider}
            options={{
              syncWithLocation: true,
              warnWhenUnsavedChanges: true,
            }}
            notificationProvider={useNotificationProvider}
          >
            <Routes>
              <Route
                element={
                  <ThemedLayoutV2>
                    <Outlet />
                  </ThemedLayoutV2>
                }
              >
                <Route index element={<WelcomePage />} />
                <Route path="*" element={<ErrorComponent />} />
              </Route>
            </Routes>
            <UnsavedChangesNotifier />
            <DocumentTitleHandler />
          </Refine>
        </AntdApp>
      </ConfigProvider>
    </BrowserRouter>
  );
};

export default App;"
`;

exports[`ant-design transformer should transform the file
----------------------------------------------------
import { Refine, WelcomePage } from "@refinedev/core";

function App() {
    return (
        <Refine>
            <WelcomePage />
        </Refine>
    );
}

export default App;
---------------------------------------------------- 1`] = `
"import { Refine, WelcomePage } from "@refinedev/core";

import { RefineThemes, useNotificationProvider } from "@refinedev/antd";
import "@refinedev/antd/dist/reset.css";
import { App as AntdApp, ConfigProvider } from "antd";

function App() {
  return (
    <ConfigProvider theme={RefineThemes.Blue}>
      <AntdApp>
        <Refine notificationProvider={useNotificationProvider}>
          <WelcomePage />
        </Refine>
      </AntdApp>
    </ConfigProvider>
  );
}

export default App;"
`;

exports[`ant-design transformer should transform the file
----------------------------------------------------
import { Refine, WelcomePage } from "@refinedev/core";

import { useNotificationProvider, RefineThemes } from "@refinedev/antd";
import { ConfigProvider, App as AntdApp } from "antd";
import "@refinedev/antd/dist/reset.css";

function App() {
    return (
        <ConfigProvider theme={RefineThemes.Blue}>
            <AntdApp>
                <Refine notificationProvider={useNotificationProvider}>
                    <WelcomePage />
                </Refine>
            </AntdApp>
        </ConfigProvider>
    );
}

export default App;
---------------------------------------------------- 1`] = `
"import { Refine, WelcomePage } from "@refinedev/core";

import { RefineThemes, useNotificationProvider } from "@refinedev/antd";
import "@refinedev/antd/dist/reset.css";
import { App as AntdApp, ConfigProvider } from "antd";

function App() {
  return (
    <ConfigProvider theme={RefineThemes.Blue}>
      <AntdApp>
        <Refine notificationProvider={useNotificationProvider}>
          <WelcomePage />
        </Refine>
      </AntdApp>
    </ConfigProvider>
  );
}

export default App;"
`;
